Screen1Presenter.hpp:28:13:Screen1Presenter::~Screen1Presenter()	0	static
Screen1Presenter.cpp:11:6:virtual void Screen1Presenter::activate()	0	static
Screen1Presenter.cpp:25:6:virtual void Screen1Presenter::userButton(int)	0	static
Screen1Presenter.hpp:28:13:virtual Screen1Presenter::~Screen1Presenter()	8	static
Screen1Presenter.cpp:21:6:virtual void Screen1Presenter::SwB_LED_blue()	0	static
Screen1Presenter.hpp:28:13:virtual void* Screen1Presenter::_ZThn4_N16Screen1PresenterD1Ev()	0	static
Screen1Presenter.cpp:5:1:Screen1Presenter::Screen1Presenter(Screen1View&)	8	static
